=== 1. HEALTHZ ===
{'status': 'ok', 'uptime_seconds': 13656, 'contexts_loaded': {'category': 0, 'merchant': 0, 'customer': 0, 'trigger': 0}}

=== 2. METADATA ===
{'team_name': 'VeraBot', 'team_members': ['Shreyansh'], 'model': 'gemini-2.0-flash', 'approach': 'Trigger-routed LLM composer using Gemini 2.0 Flash. 4-context prompt with trigger-kind hints, voice matching, and post-LLM validation. Rule-based fast paths for auto-reply detection, opt-out, intent transitions, and out-of-scope.', 'contact_email': '', 'version': '1.0.0', 'submitted_at': '2026-04-29T14:00:00Z'}

=== 3. PUSH CATEGORY ===
{'accepted': True, 'ack_id': 'ack_dentists_v1', 'stored_at': '2026-04-29T13:58:20.873695Z'}

=== 4. PUSH MERCHANT ===
{'accepted': True, 'ack_id': 'ack_m_001_drmeera_dentist_delhi_v1', 'stored_at': '2026-04-29T13:58:22.920374Z'}

=== 5. PUSH TRIGGER ===
{'accepted': True, 'ack_id': 'ack_trg_001_research_digest_dentists_v1', 'stored_at': '2026-04-29T13:58:24.972554Z'}

=== 6. TICK (should compose message) ===
{
  "actions": [
    {
      "conversation_id": "conv_m_001_drmeera_dentist_delhi_research_digest_research:dentists:20",
      "merchant_id": "m_001_drmeera_dentist_delhi",
      "customer_id": null,
      "send_as": "vera",
      "trigger_id": "trg_001_research_digest_dentists",
      "template_name": "vera_research_digest_v1",
      "template_params": [
        "Meera",
        "Meera, JIDA Oct 2026, p.14 dropped (n=2100). Key: 3-month fluoride recall cuts caries 38% better tha",
        "n 6-month. Want me to draft a patient note from it?"
      ],
      "body": "Meera, JIDA Oct 2026, p.14 dropped (n=2100). Key: 3-month fluoride recall cuts caries 38% better than 6-month. Want me to draft a patient note from it?",
      "cta": "binary_yes_no",
      "suppression_key": "research:dentists:2026-W17",
      "rationale": "Trigger kind=research_digest; rule-based composition using payload + merchant context."
    }
  ]
}

[OK] Body length: 151 chars (must be <=320)
[OK] No URLs in body: True

=== 7. REPLY (merchant engaged) ===
{
  "action": "send",
  "body": "Got it! Working on your request now ΓÇö will send the draft shortly.",
  "cta": "open_ended",
  "rationale": "LLM fallback; error=429 RESOURCE_EXHAUSTED. {'error': {'code': 429, 'm"
}

=== 8. REPLY (auto-reply detection) ===
{
  "action": "wait",
  "wait_seconds": 86400,
  "rationale": "Auto-reply twice in a row. Owner likely not at phone ΓÇö backing off 24h."
}

=== 9. REPLY (opt-out) ===
{
  "action": "end",
  "rationale": "Merchant explicitly opted out or expressed frustration. Closing conversation and suppressing future sends."
}

=== 10. IDEMPOTENCY CHECK ===
{'accepted': True, 'ack_id': 'ack_dentists_v1_noop', 'stored_at': '2026-04-29T13:58:39.245002Z'}

=== 11. STALE VERSION CHECK ===
python : Traceback (most recent call last):
At line:1 char:32
+ ... NG="utf-8"; python test_bot.py --bot http://localhost:8080 2>&1 | Out ...
+                 ~~~~~~~~~~~~~~~~~~~~~~~~~~~~~~~~~~~~~~~~~~~~~~~~~~~
    + CategoryInfo          : NotSpecified: (Traceback (most recent call last)::String) [], RemoteException
    + FullyQualifiedErrorId : NativeCommandError
 
  File "C:\Users\shrey\OneDrive\Documents\magicpin-ai-challenge\vera_bot\test_bot.py", line 135, in <module>
    print(post("/v1/context", cat_v0))  # lower version ΓåÆ 409
          ~~~~^^^^^^^^^^^^^^^^^^^^^^^
  File "C:\Users\shrey\OneDrive\Documents\magicpin-ai-challenge\vera_bot\test_bot.py", line 15, in post
    with urllib.request.urlopen(req) as r:
         ~~~~~~~~~~~~~~~~~~~~~~^^^^^
  File "C:\Users\shrey\AppData\Local\Python\pythoncore-3.14-64\Lib\urllib\request.py", line 187, in urlopen
    return opener.open(url, data, timeout)
           ~~~~~~~~~~~^^^^^^^^^^^^^^^^^^^^
  File "C:\Users\shrey\AppData\Local\Python\pythoncore-3.14-64\Lib\urllib\request.py", line 493, in open
    response = meth(req, response)
  File "C:\Users\shrey\AppData\Local\Python\pythoncore-3.14-64\Lib\urllib\request.py", line 602, in http_response
    response = self.parent.error(
        'http', request, response, code, msg, hdrs)
  File "C:\Users\shrey\AppData\Local\Python\pythoncore-3.14-64\Lib\urllib\request.py", line 531, in error
    return self._call_chain(*args)
           ~~~~~~~~~~~~~~~~^^^^^^^
  File "C:\Users\shrey\AppData\Local\Python\pythoncore-3.14-64\Lib\urllib\request.py", line 464, in _call_chain
    result = func(*args)
  File "C:\Users\shrey\AppData\Local\Python\pythoncore-3.14-64\Lib\urllib\request.py", line 611, in http_error_default
    raise HTTPError(req.full_url, code, msg, hdrs, fp)
urllib.error.HTTPError: HTTP Error 409: Conflict
